{
  "id": "img-001",
  "tags": [
    "even",
    "low-entropy"
  ]
}